[
    {
        "id": "css",
        "tags": [
            "css"
        ],
        "url": "css/css",
        "resources": [
            {
                "url": "a.js"
            },
            {
                "url": "b.js"
            }
        ]
    },
    {
        "id": "css#css",
        "tags": [
            "css"
        ],
        "url": "css/css",
        "resources": [
            {
                "url": "1.css"
            },
            {
                "url": "2.css"
            }
        ]
    }
]